// Jest Snapshot v1, https://goo.gl/fbAQLP

exports[`Storyshots App Bruh Moment 1`] = `
Array [
  <h1
    className="App__Title-hlrrig-0 dIaWfX"
  >
    This really do be the whole thing tho ngl bro.
  </h1>,
  "Loading...",
]
`;

exports[`Storyshots App Default 1`] = `
Array [
  <h1
    className="App__Title-hlrrig-0 dIaWfX"
  >
    This really do be the whole thing tho ngl bro.
  </h1>,
  "Loading...",
]
`;
