// Jest Snapshot v1, https://goo.gl/fbAQLP

exports[`Storyshots App Bruh Moment 1`] = `
<div
  className="App__Wrapper-hlrrig-3 kdgFTo"
>
  <h1
    className="App__Title-hlrrig-0 knrMkJ"
  >
    Cognitive Tests Boilerplate Functions
  </h1>
  <div
    className="App__Area-hlrrig-1 dgSXVl"
  >
    <p
      className="App__Label-hlrrig-2 iKGSIM"
    >
      Sentry
    </p>
    <a
      href="/api/admin/sentry-example"
    >
      Visit Here
    </a>
     to send an API request test error to Sentry.
    <br />
    Click to trigger a client-side error:
    <button
      className="App__ErrorTrigger-hlrrig-4 dCUbC"
      onClick={[Function]}
    >
      Trigger
    </button>
  </div>
  <div
    className="App__Area-hlrrig-1 dgSXVl"
  >
    Loading...
  </div>
</div>
`;

exports[`Storyshots App Default 1`] = `
<div
  className="App__Wrapper-hlrrig-3 kdgFTo"
>
  <h1
    className="App__Title-hlrrig-0 knrMkJ"
  >
    Cognitive Tests Boilerplate Functions
  </h1>
  <div
    className="App__Area-hlrrig-1 dgSXVl"
  >
    <p
      className="App__Label-hlrrig-2 iKGSIM"
    >
      Sentry
    </p>
    <a
      href="/api/admin/sentry-example"
    >
      Visit Here
    </a>
     to send an API request test error to Sentry.
    <br />
    Click to trigger a client-side error:
    <button
      className="App__ErrorTrigger-hlrrig-4 dCUbC"
      onClick={[Function]}
    >
      Trigger
    </button>
  </div>
  <div
    className="App__Area-hlrrig-1 dgSXVl"
  >
    Loading...
  </div>
</div>
`;
